Microchip MPLAB XC8 Compiler V2.00 ()

Linker command line:

-W-3 --edf=C:\Program Files (x86)\Microchip\xc8\v2.00\pic\dat\en_msgs.txt \
  -cs -h+dist/default/production\maquinastatusdis.X.production.sym \
  --cmf=dist/default/production\maquinastatusdis.X.production.cmf -z \
  -Q16F887 -oC:\Users\20185076\AppData\Local\Temp\sbf8.2 \
  -Mdist/default/production/maquinastatusdis.X.production.map -E1 -ver=XC8 \
  --acfsm=1493 -ASTACK=0110h-016fh -pstack=STACK -ACODE=00h-07FFhx4 \
  -ASTRCODE=00h-01FFFh -ASTRING=00h-0FFhx32 -ACONST=00h-0FFhx32 \
  -AENTRY=00h-0FFhx32 -ACOMMON=070h-07Fh -ABANK0=020h-06Fh \
  -ABANK1=0A0h-0EFh -ABANK2=0110h-016Fh -ABANK3=0190h-01EFh \
  -ARAM=020h-06Fh,0A0h-0EFh,0110h-016Fh,0190h-01EFh \
  -AABS1=020h-07Fh,0A0h-0EFh,0110h-016Fh,0190h-01EFh -ASFR0=00h-01Fh \
  -ASFR1=080h-09Fh -ASFR2=0100h-010Fh -ASFR3=0180h-018Fh \
  -preset_vec=00h,intentry,init,end_init -ppowerup=CODE -pcinit=CODE \
  -pfunctab=ENTRY -ACONFIG=02007h-02008h -pconfig=CONFIG -DCONFIG=2 \
  -AIDLOC=02000h-02003h -pidloc=IDLOC -DIDLOC=2 -AEEDATA=00h-0FFh/02100h \
  -peeprom_data=EEDATA -DEEDATA=2 -DCODE=2 -DSTRCODE=2 -DSTRING=2 -DCONST=2 \
  -DENTRY=2 -k C:\Users\20185076\AppData\Local\Temp\sbf8.o \
  dist/default/production\maquinastatusdis.X.production.o 

Object code version is 3.11

Machine type is 16F887



                Name                               Link     Load   Length Selector   Space Scale
C:\Users\20185076\AppData\Local\Temp\sbf8.o
                end_init                              0        0        3        0       0
                config                             2007     2007        2     400E       0
dist/default/production\maquinastatusdis.X.production.o
                cinit                               7EE      7EE       12      FDC       0
                text11                              663      663        9      CC6       0
                text10                              67F      67F        B      CFE       0
                text9                               6D8      6D8       17      DB0       0
                text8                               675      675        A      CEA       0
                text7                               66C      66C        9      CD8       0
                text6                               64B      64B        8      C96       0
                text5                               653      653        8      CA6       0
                text4                               65B      65B        8      CB6       0
                text3                               68A      68A        E      D14       0
                text2                               698      698        E      D30       0
                text1                               6A6      6A6        F      D4C       0
                maintext                            6EF      6EF       FF      DDE       0
                cstackCOMMON                         70       70        9       70       1
                inittext                            6C5      6C5       13      D8A       0
                dataBANK0                            20       20       10       20       1
                idataBANK0                          6B5      6B5       10      D6A       0

TOTAL           Name                               Link     Load   Length     Space
        CLASS   STACK          

        CLASS   CODE           
                end_init                              0        0        3         0
                cinit                               7EE      7EE       12         0
                text11                              663      663        9         0
                text10                              67F      67F        B         0
                text9                               6D8      6D8       17         0
                text8                               675      675        A         0
                text7                               66C      66C        9         0
                text6                               64B      64B        8         0
                text5                               653      653        8         0
                text4                               65B      65B        8         0
                text3                               68A      68A        E         0
                text2                               698      698        E         0
                text1                               6A6      6A6        F         0
                maintext                            6EF      6EF       FF         0
                inittext                            6C5      6C5       13         0
                idataBANK0                          6B5      6B5       10         0

        CLASS   STRCODE        

        CLASS   STRING         

        CLASS   CONST          

        CLASS   ENTRY          

        CLASS   COMMON         
                cstackCOMMON                         70       70        9         1

        CLASS   BANK0          
                dataBANK0                            20       20       10         1

        CLASS   BANK1          

        CLASS   BANK2          

        CLASS   BANK3          

        CLASS   RAM            

        CLASS   ABS1           
                abs_s1                               7E       7E        2         1

        CLASS   SFR0           

        CLASS   SFR1           

        CLASS   SFR2           

        CLASS   SFR3           

        CLASS   CONFIG         
                config                             2007     2007        2         0

        CLASS   IDLOC          

        CLASS   EEDATA         



SEGMENTS        Name                           Load    Length   Top    Selector   Space  Class     Delta

                reset_vec                      000000  000003  000003         0       0  CODE        2
                dataBANK0                      000020  000010  000030        20       1  BANK0       1
                cstackCOMMON                   000070  000009  000079        70       1  COMMON      1
                text6                          00064B  000008  000653       C96       0  CODE        2
                text5                          000653  000008  00065B       CA6       0  CODE        2
                text4                          00065B  000008  000663       CB6       0  CODE        2
                text11                         000663  000009  00066C       CC6       0  CODE        2
                text7                          00066C  000009  000675       CD8       0  CODE        2
                text8                          000675  00000A  00067F       CEA       0  CODE        2
                text10                         00067F  00000B  00068A       CFE       0  CODE        2
                text3                          00068A  00000E  000698       D14       0  CODE        2
                text2                          000698  00000E  0006A6       D30       0  CODE        2
                text1                          0006A6  00000F  0006B5       D4C       0  CODE        2
                idataBANK0                     0006B5  000010  0006C5       D6A       0  CODE        2
                inittext                       0006C5  000013  0006D8       D8A       0  CODE        2
                text9                          0006D8  000017  0006EF       DB0       0  CODE        2
                maintext                       0006EF  0000FF  0007EE       DDE       0  CODE        2
                cinit                          0007EE  000012  000800       FDC       0  CODE        2
                config                         002007  000002  002009      400E       0  CONFIG      2


UNUSED ADDRESS RANGES

        Name                Unused          Largest block    Delta
        BANK0            0030-006F             40           1
        BANK1            00A0-00EF             50           1
        BANK2            0110-016F             60           1
        BANK3            0190-01EF             60           1
        CODE             0003-064A            648           2
                         0800-1FFF            800
        COMMON           0079-007D              5           1
        CONST            0003-064A            100           2
                         0800-1FFF            100
        EEDATA           2100-21FF            100           2
        ENTRY            0003-064A            100           2
                         0800-1FFF            100
        IDLOC            2000-2003              4           2
        RAM              0030-006F             40           1
                         00A0-00EF             50
                         0110-016F             60
                         0190-01EF             60
        SFR0             0000-001F             20           1
        SFR1             0080-009F             20           1
        SFR2             0100-010F             10           1
        SFR3             0180-018F             10           1
        STACK            0110-016F             60           1
        STRCODE          0003-064A            648           2
                         0800-1FFF           1800
        STRING           0003-064A            100           2
                         0800-1FFF            100

                                  Symbol Table

?_k3_status               cstackCOMMON 0070
?_s0                      cstackCOMMON 0070
?_s1                      cstackCOMMON 0070
_ANSELH                   (abs)        0189
_PORTB                    (abs)        0006
_PORTD                    (abs)        0008
_PORTDbits                (abs)        0008
_TRISB                    (abs)        0086
_TRISDbits                (abs)        0088
__CFG_BOR4V$BOR40V        (abs)        0000
__CFG_BOREN$OFF           (abs)        0000
__CFG_CP$OFF              (abs)        0000
__CFG_CPD$OFF             (abs)        0000
__CFG_FCMEN$OFF           (abs)        0000
__CFG_FOSC$INTRC_NOCLKOUT (abs)        0000
__CFG_IESO$OFF            (abs)        0000
__CFG_LVP$OFF             (abs)        0000
__CFG_MCLRE$OFF           (abs)        0000
__CFG_PWRTE$OFF           (abs)        0000
__CFG_WDTE$OFF            (abs)        0000
__CFG_WRT$OFF             (abs)        0000
__Habs1                   abs1         0000
__Hbank0                  bank0        0000
__Hbank1                  bank1        0000
__Hbank2                  bank2        0000
__Hbank3                  bank3        0000
__Hcinit                  cinit        0800
__Hclrtext                clrtext      0000
__Hcode                   code         0000
__Hcommon                 common       0000
__Hconfig                 config       2009
__HcstackCOMMON           cstackCOMMON 0000
__HdataBANK0              dataBANK0    0000
__Heeprom_data            eeprom_data  0000
__Hend_init               end_init     0003
__Hfunctab                functab      0000
__HidataBANK0             idataBANK0   0000
__Hidloc                  idloc        0000
__Hinit                   init         0000
__Hinittext               inittext     0000
__Hintentry               intentry     0000
__Hmaintext               maintext     0000
__Hpowerup                powerup      0000
__Hram                    ram          0000
__Hreset_vec              reset_vec    0000
__Hsfr0                   sfr0         0000
__Hsfr1                   sfr1         0000
__Hsfr2                   sfr2         0000
__Hsfr3                   sfr3         0000
__Hspace_0                (abs)        2009
__Hspace_1                (abs)        0079
__Hspace_2                (abs)        0000
__Hspace_3                (abs)        0000
__Hstack                  stack        0000
__Hstrings                strings      0000
__Htext                   text         0000
__Labs1                   abs1         0000
__Lbank0                  bank0        0000
__Lbank1                  bank1        0000
__Lbank2                  bank2        0000
__Lbank3                  bank3        0000
__Lcinit                  cinit        07EE
__Lclrtext                clrtext      0000
__Lcode                   code         0000
__Lcommon                 common       0000
__Lconfig                 config       2007
__LcstackCOMMON           cstackCOMMON 0000
__LdataBANK0              dataBANK0    0000
__Leeprom_data            eeprom_data  0000
__Lend_init               end_init     0000
__Lfunctab                functab      0000
__LidataBANK0             idataBANK0   0000
__Lidloc                  idloc        0000
__Linit                   init         0000
__Linittext               inittext     0000
__Lintentry               intentry     0000
__Lmaintext               maintext     0000
__Lpowerup                powerup      0000
__Lram                    ram          0000
__Lreset_vec              reset_vec    0000
__Lsfr0                   sfr0         0000
__Lsfr1                   sfr1         0000
__Lsfr2                   sfr2         0000
__Lsfr3                   sfr3         0000
__Lspace_0                (abs)        0000
__Lspace_1                (abs)        0000
__Lspace_2                (abs)        0000
__Lspace_3                (abs)        0000
__Lstack                  stack        0000
__Lstrings                strings      0000
__Ltext                   text         0000
__S0                      (abs)        2009
__S1                      (abs)        0079
__S2                      (abs)        0000
__S3                      (abs)        0000
___int_sp                 stack        0000
___latbits                (abs)        0002
___sp                     stack        0000
__end_of__initialization  cinit        07FC
__end_of_botoesk_init     text11       066C
__end_of_contatores_init  text10       068A
__end_of_delay            text9        06EF
__end_of_diplay7seg_init  text8        067F
__end_of_display7seg      text7        0675
__end_of_k1               text6        0653
__end_of_k2               text5        065B
__end_of_k3               text4        0663
__end_of_k3_status        text3        0698
__end_of_main             maintext     07EE
__end_of_s0               text2        06A6
__end_of_s1               text1        06B5
__initialization          cinit        07EE
__pcstackCOMMON           cstackCOMMON 0070
__pdataBANK0              dataBANK0    0020
__pidataBANK0             idataBANK0   06B5
__pmaintext               maintext     06EF
__ptext1                  text1        06A6
__ptext10                 text10       067F
__ptext11                 text11       0663
__ptext2                  text2        0698
__ptext3                  text3        068A
__ptext4                  text4        065B
__ptext5                  text5        0653
__ptext6                  text6        064B
__ptext7                  text7        066C
__ptext8                  text8        0675
__ptext9                  text9        06D8
__size_of_botoesk_init    (abs)        0000
__size_of_contatores_init (abs)        0000
__size_of_delay           (abs)        0000
__size_of_diplay7seg_init (abs)        0000
__size_of_display7seg     (abs)        0000
__size_of_k1              (abs)        0000
__size_of_k2              (abs)        0000
__size_of_k3              (abs)        0000
__size_of_k3_status       (abs)        0000
__size_of_main            (abs)        0000
__size_of_s0              (abs)        0000
__size_of_s1              (abs)        0000
_botoesk_init             text11       0663
_contatores_init          text10       067F
_delay                    text9        06D8
_diplay7seg_init          text8        0675
_display7seg              text7        066C
_k1                       text6        064B
_k2                       text5        0653
_k3                       text4        065B
_k3_status                text3        068A
_main                     maintext     06EF
_s0                       text2        0698
_s1                       text1        06A6
_vetor                    dataBANK0    0020
btemp                     (abs)        007E
delay@t                   cstackCOMMON 0070
display7seg@c             cstackCOMMON 0070
end_of_initialization     cinit        07FC
init_fetch0               inittext     06C5
init_ram0                 inittext     06C9
intlevel0                 functab      0000
intlevel1                 functab      0000
intlevel2                 functab      0000
intlevel3                 functab      0000
intlevel4                 functab      0000
intlevel5                 functab      0000
k1@x                      cstackCOMMON 0070
k2@x                      cstackCOMMON 0070
k3@x                      cstackCOMMON 0070
main@cont                 cstackCOMMON 0075
main@estado               cstackCOMMON 0077
reset_vec                 reset_vec    0000
stackhi                   (abs)        0000
stacklo                   (abs)        0000
start                     init         0000
start_initialization      cinit        07EE
wtemp0                    (abs)        007E


FUNCTION INFORMATION:

 *************** function _main *****************
 Defined at:
		line 17 in file "main.c"
 Parameters:    Size  Location     Type
		None
 Auto vars:     Size  Location     Type
  estado          2    7[COMMON] int 
  cont            2    5[COMMON] int 
 Return value:  Size  Location     Type
                  1    wreg      void 
 Registers used:
		wreg, fsr0l, fsr0h, status,2, status,0, btemp+1, pclath, cstack
 Tracked objects:
		On entry : 
		On exit  : 
		Unchanged: 
 Data sizes:     COMMON   BANK0   BANK1   BANK3   BANK2
      Params:         0       0       0       0       0
      Locals:         4       0       0       0       0
      Temps:          0       0       0       0       0
      Totals:         4       0       0       0       0
Total ram usage:        4 bytes
 Hardware stack levels required when called:    1
 This function calls:
		_botoesk_init
		_contatores_init
		_delay
		_diplay7seg_init
		_display7seg
		_k1
		_k2
		_k3
		_k3_status
		_s0
		_s1
 This function is called by:
		Startup code after reset
 This function uses a non-reentrant model


 *************** function _s1 *****************
 Defined at:
		line 21 in file "botoescontagem.c"
 Parameters:    Size  Location     Type
		None
 Auto vars:     Size  Location     Type
		None
 Return value:  Size  Location     Type
                  2    0[COMMON] int 
 Registers used:
		wreg, status,2, status,0
 Tracked objects:
		On entry : 
		On exit  : 
		Unchanged: 
 Data sizes:     COMMON   BANK0   BANK1   BANK3   BANK2
      Params:         2       0       0       0       0
      Locals:         0       0       0       0       0
      Temps:          3       0       0       0       0
      Totals:         5       0       0       0       0
Total ram usage:        5 bytes
 Hardware stack levels used:    1
 This function calls:
		Nothing
 This function is called by:
		_main
 This function uses a non-reentrant model


 *************** function _s0 *****************
 Defined at:
		line 26 in file "botoescontagem.c"
 Parameters:    Size  Location     Type
		None
 Auto vars:     Size  Location     Type
		None
 Return value:  Size  Location     Type
                  2    0[COMMON] int 
 Registers used:
		wreg, status,2, status,0
 Tracked objects:
		On entry : 
		On exit  : 
		Unchanged: 
 Data sizes:     COMMON   BANK0   BANK1   BANK3   BANK2
      Params:         2       0       0       0       0
      Locals:         0       0       0       0       0
      Temps:          3       0       0       0       0
      Totals:         5       0       0       0       0
Total ram usage:        5 bytes
 Hardware stack levels used:    1
 This function calls:
		Nothing
 This function is called by:
		_main
 This function uses a non-reentrant model


 *************** function _k3_status *****************
 Defined at:
		line 31 in file "contatores.c"
 Parameters:    Size  Location     Type
		None
 Auto vars:     Size  Location     Type
		None
 Return value:  Size  Location     Type
                  2    0[COMMON] int 
 Registers used:
		wreg, status,2, status,0
 Tracked objects:
		On entry : 
		On exit  : 
		Unchanged: 
 Data sizes:     COMMON   BANK0   BANK1   BANK3   BANK2
      Params:         2       0       0       0       0
      Locals:         0       0       0       0       0
      Temps:          3       0       0       0       0
      Totals:         5       0       0       0       0
Total ram usage:        5 bytes
 Hardware stack levels used:    1
 This function calls:
		Nothing
 This function is called by:
		_main
 This function uses a non-reentrant model


 *************** function _k3 *****************
 Defined at:
		line 46 in file "contatores.c"
 Parameters:    Size  Location     Type
  x               2    0[COMMON] int 
 Auto vars:     Size  Location     Type
		None
 Return value:  Size  Location     Type
                  1    wreg      void 
 Registers used:
		wreg, status,0
 Tracked objects:
		On entry : 
		On exit  : 
		Unchanged: 
 Data sizes:     COMMON   BANK0   BANK1   BANK3   BANK2
      Params:         2       0       0       0       0
      Locals:         0       0       0       0       0
      Temps:          0       0       0       0       0
      Totals:         2       0       0       0       0
Total ram usage:        2 bytes
 Hardware stack levels used:    1
 This function calls:
		Nothing
 This function is called by:
		_main
 This function uses a non-reentrant model


 *************** function _k2 *****************
 Defined at:
		line 41 in file "contatores.c"
 Parameters:    Size  Location     Type
  x               2    0[COMMON] int 
 Auto vars:     Size  Location     Type
		None
 Return value:  Size  Location     Type
                  1    wreg      void 
 Registers used:
		wreg, status,0
 Tracked objects:
		On entry : 
		On exit  : 
		Unchanged: 
 Data sizes:     COMMON   BANK0   BANK1   BANK3   BANK2
      Params:         2       0       0       0       0
      Locals:         0       0       0       0       0
      Temps:          0       0       0       0       0
      Totals:         2       0       0       0       0
Total ram usage:        2 bytes
 Hardware stack levels used:    1
 This function calls:
		Nothing
 This function is called by:
		_main
 This function uses a non-reentrant model


 *************** function _k1 *****************
 Defined at:
		line 36 in file "contatores.c"
 Parameters:    Size  Location     Type
  x               2    0[COMMON] int 
 Auto vars:     Size  Location     Type
		None
 Return value:  Size  Location     Type
                  1    wreg      void 
 Registers used:
		wreg, status,0
 Tracked objects:
		On entry : 
		On exit  : 
		Unchanged: 
 Data sizes:     COMMON   BANK0   BANK1   BANK3   BANK2
      Params:         2       0       0       0       0
      Locals:         0       0       0       0       0
      Temps:          0       0       0       0       0
      Totals:         2       0       0       0       0
Total ram usage:        2 bytes
 Hardware stack levels used:    1
 This function calls:
		Nothing
 This function is called by:
		_main
 This function uses a non-reentrant model


 *************** function _display7seg *****************
 Defined at:
		line 23 in file "display7.c"
 Parameters:    Size  Location     Type
  c               2    0[COMMON] int 
 Auto vars:     Size  Location     Type
		None
 Return value:  Size  Location     Type
                  1    wreg      void 
 Registers used:
		wreg, fsr0l, fsr0h, status,2, status,0
 Tracked objects:
		On entry : 
		On exit  : 
		Unchanged: 
 Data sizes:     COMMON   BANK0   BANK1   BANK3   BANK2
      Params:         2       0       0       0       0
      Locals:         0       0       0       0       0
      Temps:          0       0       0       0       0
      Totals:         2       0       0       0       0
Total ram usage:        2 bytes
 Hardware stack levels used:    1
 This function calls:
		Nothing
 This function is called by:
		_main
 This function uses a non-reentrant model


 *************** function _diplay7seg_init *****************
 Defined at:
		line 16 in file "display7.c"
 Parameters:    Size  Location     Type
		None
 Auto vars:     Size  Location     Type
		None
 Return value:  Size  Location     Type
                  1    wreg      void 
 Registers used:
		status,2
 Tracked objects:
		On entry : 
		On exit  : 
		Unchanged: 
 Data sizes:     COMMON   BANK0   BANK1   BANK3   BANK2
      Params:         0       0       0       0       0
      Locals:         0       0       0       0       0
      Temps:          0       0       0       0       0
      Totals:         0       0       0       0       0
Total ram usage:        0 bytes
 Hardware stack levels used:    1
 This function calls:
		Nothing
 This function is called by:
		_main
 This function uses a non-reentrant model


 *************** function _delay *****************
 Defined at:
		line 13 in file "delay.c"
 Parameters:    Size  Location     Type
  t               2    0[COMMON] unsigned int 
 Auto vars:     Size  Location     Type
		None
 Return value:  Size  Location     Type
                  1    wreg      void 
 Registers used:
		wreg, status,2, status,0
 Tracked objects:
		On entry : 
		On exit  : 
		Unchanged: 
 Data sizes:     COMMON   BANK0   BANK1   BANK3   BANK2
      Params:         2       0       0       0       0
      Locals:         0       0       0       0       0
      Temps:          1       0       0       0       0
      Totals:         3       0       0       0       0
Total ram usage:        3 bytes
 Hardware stack levels used:    1
 This function calls:
		Nothing
 This function is called by:
		_main
 This function uses a non-reentrant model


 *************** function _contatores_init *****************
 Defined at:
		line 12 in file "contatores.c"
 Parameters:    Size  Location     Type
		None
 Auto vars:     Size  Location     Type
		None
 Return value:  Size  Location     Type
                  1    wreg      void 
 Registers used:
		None
 Tracked objects:
		On entry : 
		On exit  : 
		Unchanged: 
 Data sizes:     COMMON   BANK0   BANK1   BANK3   BANK2
      Params:         0       0       0       0       0
      Locals:         0       0       0       0       0
      Temps:          0       0       0       0       0
      Totals:         0       0       0       0       0
Total ram usage:        0 bytes
 Hardware stack levels used:    1
 This function calls:
		Nothing
 This function is called by:
		_main
 This function uses a non-reentrant model


 *************** function _botoesk_init *****************
 Defined at:
		line 11 in file "botoescontagem.c"
 Parameters:    Size  Location     Type
		None
 Auto vars:     Size  Location     Type
		None
 Return value:  Size  Location     Type
                  1    wreg      void 
 Registers used:
		None
 Tracked objects:
		On entry : 
		On exit  : 
		Unchanged: 
 Data sizes:     COMMON   BANK0   BANK1   BANK3   BANK2
      Params:         0       0       0       0       0
      Locals:         0       0       0       0       0
      Temps:          0       0       0       0       0
      Totals:         0       0       0       0       0
Total ram usage:        0 bytes
 Hardware stack levels used:    1
 This function calls:
		Nothing
 This function is called by:
		_main
 This function uses a non-reentrant model



MODULE INFORMATION

Module		Function		Class		Link	Load	Size
delay.c
		_delay         		CODE           	06D8	0000	24

delay.c estimated size: 24

contatores.c
		_k1            		CODE           	064B	0000	9
		_k2            		CODE           	0653	0000	9
		_k3            		CODE           	065B	0000	9
		_k3_status     		CODE           	068A	0000	15
		_contatores_init		CODE           	067F	0000	12

contatores.c estimated size: 54

display7.c
		_display7seg   		CODE           	066C	0000	10
		_diplay7seg_init		CODE           	0675	0000	11

display7.c estimated size: 21

shared
		__initialization		CODE           	07EE	0000	15

shared estimated size: 15

botoescontagem.c
		_s0            		CODE           	0698	0000	15
		_s1            		CODE           	06A6	0000	16
		_botoesk_init  		CODE           	0663	0000	10

botoescontagem.c estimated size: 41

main.c
		_main          		CODE           	06EF	0000	256

main.c estimated size: 256

